// Jest Snapshot v1, https://goo.gl/fbAQLP

exports[`EmailCell component should match with snapshot 1`] = `
<div>
  <table
    class="chakra-table css-0"
  >
    <td
      class="css-oe3t8o"
    >
      <a
        class="chakra-text css-f498oj"
        href="mailto:user01@gmail.com"
      >
        user01@gmail.com
      </a>
    </td>
  </table>
</div>
`;
