// Jest Snapshot v1, https://goo.gl/fbAQLP

exports[`Calendar section Should render match with snapshot. 1`] = `
<div>
  <div
    class="css-1qfa3yr"
  >
    <div
      class="css-rklm6r"
    >
      <section
        class="css-e61c1n"
      >
        <div
          class="rbc-calendar"
        >
          <div
            class="css-l0rj33"
          >
            <h3
              class="chakra-heading css-djphl8"
            >
              Calendar
            </h3>
            <h3
              class="chakra-heading css-1szuvtm"
            >
              May 2024
            </h3>
            <div
              class="css-1119wa9"
            >
              <div
                class="css-12wezbe"
              >
                <button
                  class="chakra-button css-63sota"
                  type="button"
                >
                  Month
                </button>
                <button
                  class="chakra-button css-1bvnu45"
                  type="button"
                >
                  Week
                </button>
                <button
                  class="chakra-button css-1bvnu45"
                  type="button"
                >
                  Day
                </button>
              </div>
              <div
                class="css-1oz3cly"
              >
                <button
                  aria-label="btn-back"
                  class="chakra-button css-19ua7xs"
                  type="button"
                >
                  <svg
                    fill="none"
                    height="30"
                    stroke="#1A202C"
                    style="transform: rotate(90deg);"
                    viewBox="0 0 24 24"
                    width="30"
                    xmlns="http://www.w3.org/2000/svg"
                  >
                    <path
                      d="M7 10L12 14L17 10"
                      stroke-linecap="round"
                      stroke-linejoin="round"
                      stroke-width="2"
                    />
                  </svg>
                </button>
                <button
                  aria-label="btn-next"
                  class="chakra-button css-19ua7xs"
                  type="button"
                >
                  <svg
                    fill="none"
                    height="30"
                    stroke="#1A202C"
                    style="transform: rotate(-90deg);"
                    viewBox="0 0 24 24"
                    width="30"
                    xmlns="http://www.w3.org/2000/svg"
                  >
                    <path
                      d="M7 10L12 14L17 10"
                      stroke-linecap="round"
                      stroke-linejoin="round"
                      stroke-width="2"
                    />
                  </svg>
                </button>
              </div>
            </div>
          </div>
          <div
            aria-label="Month View"
            class="rbc-month-view"
            role="table"
          >
            <div
              class="rbc-row rbc-month-header"
              role="row"
            >
              <div
                class="rbc-header"
              >
                <span
                  aria-sort="none"
                  role="columnheader"
                >
                  Sun
                </span>
              </div>
              <div
                class="rbc-header"
              >
                <span
                  aria-sort="none"
                  role="columnheader"
                >
                  Mon
                </span>
              </div>
              <div
                class="rbc-header"
              >
                <span
                  aria-sort="none"
                  role="columnheader"
                >
                  Tue
                </span>
              </div>
              <div
                class="rbc-header"
              >
                <span
                  aria-sort="none"
                  role="columnheader"
                >
                  Wed
                </span>
              </div>
              <div
                class="rbc-header"
              >
                <span
                  aria-sort="none"
                  role="columnheader"
                >
                  Thu
                </span>
              </div>
              <div
                class="rbc-header"
              >
                <span
                  aria-sort="none"
                  role="columnheader"
                >
                  Fri
                </span>
              </div>
              <div
                class="rbc-header"
              >
                <span
                  aria-sort="none"
                  role="columnheader"
                >
                  Sat
                </span>
              </div>
            </div>
            <div
              class="rbc-month-row"
              role="rowgroup"
            >
              <div
                class="rbc-row-bg"
              >
                <div
                  class="rbc-day-bg rbc-off-range-bg"
                />
                <div
                  class="rbc-day-bg rbc-off-range-bg"
                />
                <div
                  class="rbc-day-bg rbc-off-range-bg"
                />
                <div
                  class="rbc-day-bg rbc-today"
                />
                <div
                  class="rbc-day-bg"
                />
                <div
                  class="rbc-day-bg"
                />
                <div
                  class="rbc-day-bg"
                />
              </div>
              <div
                class="rbc-row-content"
                role="row"
              >
                <div
                  class="rbc-row "
                >
                  <div
                    class="rbc-date-cell rbc-off-range"
                    role="cell"
                  >
                    <button
                      class="rbc-button-link"
                      role="cell"
                      type="button"
                    >
                      28
                    </button>
                  </div>
                  <div
                    class="rbc-date-cell rbc-off-range"
                    role="cell"
                  >
                    <button
                      class="rbc-button-link"
                      role="cell"
                      type="button"
                    >
                      29
                    </button>
                  </div>
                  <div
                    class="rbc-date-cell rbc-off-range"
                    role="cell"
                  >
                    <button
                      class="rbc-button-link"
                      role="cell"
                      type="button"
                    >
                      30
                    </button>
                  </div>
                  <div
                    class="rbc-date-cell rbc-now rbc-current"
                    role="cell"
                  >
                    <button
                      class="rbc-button-link"
                      role="cell"
                      type="button"
                    >
                      01
                    </button>
                  </div>
                  <div
                    class="rbc-date-cell"
                    role="cell"
                  >
                    <button
                      class="rbc-button-link"
                      role="cell"
                      type="button"
                    >
                      02
                    </button>
                  </div>
                  <div
                    class="rbc-date-cell"
                    role="cell"
                  >
                    <button
                      class="rbc-button-link"
                      role="cell"
                      type="button"
                    >
                      03
                    </button>
                  </div>
                  <div
                    class="rbc-date-cell"
                    role="cell"
                  >
                    <button
                      class="rbc-button-link"
                      role="cell"
                      type="button"
                    >
                      04
                    </button>
                  </div>
                </div>
              </div>
            </div>
            <div
              class="rbc-month-row"
              role="rowgroup"
            >
              <div
                class="rbc-row-bg"
              >
                <div
                  class="rbc-day-bg"
                />
                <div
                  class="rbc-day-bg"
                />
                <div
                  class="rbc-day-bg"
                />
                <div
                  class="rbc-day-bg"
                />
                <div
                  class="rbc-day-bg"
                />
                <div
                  class="rbc-day-bg"
                />
                <div
                  class="rbc-day-bg"
                />
              </div>
              <div
                class="rbc-row-content"
                role="row"
              >
                <div
                  class="rbc-row "
                >
                  <div
                    class="rbc-date-cell"
                    role="cell"
                  >
                    <button
                      class="rbc-button-link"
                      role="cell"
                      type="button"
                    >
                      05
                    </button>
                  </div>
                  <div
                    class="rbc-date-cell"
                    role="cell"
                  >
                    <button
                      class="rbc-button-link"
                      role="cell"
                      type="button"
                    >
                      06
                    </button>
                  </div>
                  <div
                    class="rbc-date-cell"
                    role="cell"
                  >
                    <button
                      class="rbc-button-link"
                      role="cell"
                      type="button"
                    >
                      07
                    </button>
                  </div>
                  <div
                    class="rbc-date-cell"
                    role="cell"
                  >
                    <button
                      class="rbc-button-link"
                      role="cell"
                      type="button"
                    >
                      08
                    </button>
                  </div>
                  <div
                    class="rbc-date-cell"
                    role="cell"
                  >
                    <button
                      class="rbc-button-link"
                      role="cell"
                      type="button"
                    >
                      09
                    </button>
                  </div>
                  <div
                    class="rbc-date-cell"
                    role="cell"
                  >
                    <button
                      class="rbc-button-link"
                      role="cell"
                      type="button"
                    >
                      10
                    </button>
                  </div>
                  <div
                    class="rbc-date-cell"
                    role="cell"
                  >
                    <button
                      class="rbc-button-link"
                      role="cell"
                      type="button"
                    >
                      11
                    </button>
                  </div>
                </div>
              </div>
            </div>
            <div
              class="rbc-month-row"
              role="rowgroup"
            >
              <div
                class="rbc-row-bg"
              >
                <div
                  class="rbc-day-bg"
                />
                <div
                  class="rbc-day-bg"
                />
                <div
                  class="rbc-day-bg"
                />
                <div
                  class="rbc-day-bg"
                />
                <div
                  class="rbc-day-bg"
                />
                <div
                  class="rbc-day-bg"
                />
                <div
                  class="rbc-day-bg"
                />
              </div>
              <div
                class="rbc-row-content"
                role="row"
              >
                <div
                  class="rbc-row "
                >
                  <div
                    class="rbc-date-cell"
                    role="cell"
                  >
                    <button
                      class="rbc-button-link"
                      role="cell"
                      type="button"
                    >
                      12
                    </button>
                  </div>
                  <div
                    class="rbc-date-cell"
                    role="cell"
                  >
                    <button
                      class="rbc-button-link"
                      role="cell"
                      type="button"
                    >
                      13
                    </button>
                  </div>
                  <div
                    class="rbc-date-cell"
                    role="cell"
                  >
                    <button
                      class="rbc-button-link"
                      role="cell"
                      type="button"
                    >
                      14
                    </button>
                  </div>
                  <div
                    class="rbc-date-cell"
                    role="cell"
                  >
                    <button
                      class="rbc-button-link"
                      role="cell"
                      type="button"
                    >
                      15
                    </button>
                  </div>
                  <div
                    class="rbc-date-cell"
                    role="cell"
                  >
                    <button
                      class="rbc-button-link"
                      role="cell"
                      type="button"
                    >
                      16
                    </button>
                  </div>
                  <div
                    class="rbc-date-cell"
                    role="cell"
                  >
                    <button
                      class="rbc-button-link"
                      role="cell"
                      type="button"
                    >
                      17
                    </button>
                  </div>
                  <div
                    class="rbc-date-cell"
                    role="cell"
                  >
                    <button
                      class="rbc-button-link"
                      role="cell"
                      type="button"
                    >
                      18
                    </button>
                  </div>
                </div>
                <div
                  class="rbc-row"
                >
                  <div
                    class="rbc-row-segment"
                    style="flex-basis: 42.857142857142854%; max-width: 42.857142857142854%;"
                  >
                     
                  </div>
                  <div
                    class="rbc-row-segment"
                    style="flex-basis: 14.285714285714285%; max-width: 14.285714285714285%;"
                  >
                    <div
                      class="rbc-event"
                    >
                      <div
                        class="rbc-event-content"
                        title="Event 2"
                      >
                        Event 2
                      </div>
                    </div>
                  </div>
                  <div
                    class="rbc-row-segment"
                    style="flex-basis: 14.285714285714285%; max-width: 14.285714285714285%;"
                  >
                    <div
                      class="rbc-event"
                    >
                      <div
                        class="rbc-event-content"
                        title="Event 1"
                      >
                        Event 1
                      </div>
                    </div>
                  </div>
                </div>
              </div>
            </div>
            <div
              class="rbc-month-row"
              role="rowgroup"
            >
              <div
                class="rbc-row-bg"
              >
                <div
                  class="rbc-day-bg"
                />
                <div
                  class="rbc-day-bg"
                />
                <div
                  class="rbc-day-bg"
                />
                <div
                  class="rbc-day-bg"
                />
                <div
                  class="rbc-day-bg"
                />
                <div
                  class="rbc-day-bg"
                />
                <div
                  class="rbc-day-bg"
                />
              </div>
              <div
                class="rbc-row-content"
                role="row"
              >
                <div
                  class="rbc-row "
                >
                  <div
                    class="rbc-date-cell"
                    role="cell"
                  >
                    <button
                      class="rbc-button-link"
                      role="cell"
                      type="button"
                    >
                      19
                    </button>
                  </div>
                  <div
                    class="rbc-date-cell"
                    role="cell"
                  >
                    <button
                      class="rbc-button-link"
                      role="cell"
                      type="button"
                    >
                      20
                    </button>
                  </div>
                  <div
                    class="rbc-date-cell"
                    role="cell"
                  >
                    <button
                      class="rbc-button-link"
                      role="cell"
                      type="button"
                    >
                      21
                    </button>
                  </div>
                  <div
                    class="rbc-date-cell"
                    role="cell"
                  >
                    <button
                      class="rbc-button-link"
                      role="cell"
                      type="button"
                    >
                      22
                    </button>
                  </div>
                  <div
                    class="rbc-date-cell"
                    role="cell"
                  >
                    <button
                      class="rbc-button-link"
                      role="cell"
                      type="button"
                    >
                      23
                    </button>
                  </div>
                  <div
                    class="rbc-date-cell"
                    role="cell"
                  >
                    <button
                      class="rbc-button-link"
                      role="cell"
                      type="button"
                    >
                      24
                    </button>
                  </div>
                  <div
                    class="rbc-date-cell"
                    role="cell"
                  >
                    <button
                      class="rbc-button-link"
                      role="cell"
                      type="button"
                    >
                      25
                    </button>
                  </div>
                </div>
              </div>
            </div>
            <div
              class="rbc-month-row"
              role="rowgroup"
            >
              <div
                class="rbc-row-bg"
              >
                <div
                  class="rbc-day-bg"
                />
                <div
                  class="rbc-day-bg"
                />
                <div
                  class="rbc-day-bg"
                />
                <div
                  class="rbc-day-bg"
                />
                <div
                  class="rbc-day-bg"
                />
                <div
                  class="rbc-day-bg"
                />
                <div
                  class="rbc-day-bg rbc-off-range-bg"
                />
              </div>
              <div
                class="rbc-row-content"
                role="row"
              >
                <div
                  class="rbc-row "
                >
                  <div
                    class="rbc-date-cell"
                    role="cell"
                  >
                    <button
                      class="rbc-button-link"
                      role="cell"
                      type="button"
                    >
                      26
                    </button>
                  </div>
                  <div
                    class="rbc-date-cell"
                    role="cell"
                  >
                    <button
                      class="rbc-button-link"
                      role="cell"
                      type="button"
                    >
                      27
                    </button>
                  </div>
                  <div
                    class="rbc-date-cell"
                    role="cell"
                  >
                    <button
                      class="rbc-button-link"
                      role="cell"
                      type="button"
                    >
                      28
                    </button>
                  </div>
                  <div
                    class="rbc-date-cell"
                    role="cell"
                  >
                    <button
                      class="rbc-button-link"
                      role="cell"
                      type="button"
                    >
                      29
                    </button>
                  </div>
                  <div
                    class="rbc-date-cell"
                    role="cell"
                  >
                    <button
                      class="rbc-button-link"
                      role="cell"
                      type="button"
                    >
                      30
                    </button>
                  </div>
                  <div
                    class="rbc-date-cell"
                    role="cell"
                  >
                    <button
                      class="rbc-button-link"
                      role="cell"
                      type="button"
                    >
                      31
                    </button>
                  </div>
                  <div
                    class="rbc-date-cell rbc-off-range"
                    role="cell"
                  >
                    <button
                      class="rbc-button-link"
                      role="cell"
                      type="button"
                    >
                      01
                    </button>
                  </div>
                </div>
              </div>
            </div>
          </div>
        </div>
      </section>
    </div>
    <div
      class="css-1bm8fk6"
    />
  </div>
  <span
    hidden=""
    id="__chakra_env"
  />
</div>
`;
